RAM Allocation
Variable                                                          Address   Size
--------------------------------------------------------------------------------
andares_acionados                                                 0x0160       6
key_pressed_counter                                               0x0166       1
key_released_counter                                              0x0167       1
column                                                            0x0168       1
row_data                                                          0x0169       2
crt_key                                                           0x016B       2
lcd_buffer                                                        0x016D      33
estado_sensor_andares                                             0x018E      16
step_number                                                       0x019E       2
_base_y                                                           0x01A0       4
_lcd_x                                                            0x01A4       1
_lcd_y                                                            0x01A5       1
_lcd_maxx                                                         0x01A6       1
_seed                                                             0x01A7       4

EEPROM Allocation
Variable                                                          Address   Size
--------------------------------------------------------------------------------

Register Allocation
Variable                                                          Register  Size
--------------------------------------------------------------------------------
keys                                                              R4,R5        2
andar_elevador                                                    R6,R7        2
andar_atual                                                       R8,R9        2
controle_delay_parado                                             R10,R11      2
proximo_andar                                                     R12,R13      2
